#-----------------------------------------------------------
# Vivado v2016.3 (64-bit)
# SW Build 1682563 on Mon Oct 10 19:07:27 MDT 2016
# IP Build 1681267 on Mon Oct 10 21:28:31 MDT 2016
# Start of session at: Fri Dec 22 01:02:47 2017
# Process ID: 5780
# Current directory: C:/Users/DELL/Desktop/ECOP-16337281-03-Basys
# Command line: vivado.exe -gui_launcher_event rodinguilauncherevent9420 C:\Users\DELL\Desktop\ECOP-16337281-03-Basys\mips_cpu_32_mul.xpr
# Log file: C:/Users/DELL/Desktop/ECOP-16337281-03-Basys/vivado.log
# Journal file: C:/Users/DELL/Desktop/ECOP-16337281-03-Basys\vivado.jou
#-----------------------------------------------------------
start_gui
open_project C:/Users/DELL/Desktop/ECOP-16337281-03-Basys/mips_cpu_32_mul.xpr
reset_run synth_1
launch_runs synth_1
wait_on_run synth_1
launch_runs impl_1
wait_on_run impl_1
launch_runs impl_1 -to_step write_bitstream
wait_on_run impl_1
open_hw
connect_hw_server
open_hw_target
set_property PROGRAM.FILE {C:/Users/DELL/Desktop/ECOP-16337281-03-Basys/mips_cpu_32_mul.runs/impl_1/Basys3.bit} [lindex [get_hw_devices xc7a35t_0] 0]
current_hw_device [lindex [get_hw_devices xc7a35t_0] 0]
refresh_hw_device -update_hw_probes false [lindex [get_hw_devices xc7a35t_0] 0]
create_hw_cfgmem -hw_device [lindex [get_hw_devices] 0] -mem_dev [lindex [get_cfgmem_parts {s25fl032p-spi-x1_x2_x4}] 0]
set_property PROBES.FILE {} [lindex [get_hw_devices xc7a35t_0] 0]
set_property PROGRAM.FILE {C:/Users/DELL/Desktop/ECOP-16337281-03-Basys/mips_cpu_32_mul.runs/impl_1/Basys3.bit} [lindex [get_hw_devices xc7a35t_0] 0]
program_hw_devices [lindex [get_hw_devices xc7a35t_0] 0]
refresh_hw_device [lindex [get_hw_devices xc7a35t_0] 0]
set_property PROBES.FILE {} [lindex [get_hw_devices xc7a35t_0] 0]
set_property PROGRAM.FILE {C:/Users/DELL/Desktop/ECOP-16337281-03-Basys/mips_cpu_32_mul.runs/impl_1/Basys3.bit} [lindex [get_hw_devices xc7a35t_0] 0]
program_hw_devices [lindex [get_hw_devices xc7a35t_0] 0]
refresh_hw_device [lindex [get_hw_devices xc7a35t_0] 0]
set_property PROBES.FILE {} [lindex [get_hw_devices xc7a35t_0] 0]
set_property PROGRAM.FILE {C:/Users/DELL/Desktop/ECOP-16337281-03-Basys/mips_cpu_32_mul.runs/impl_1/Basys3.bin} [lindex [get_hw_devices xc7a35t_0] 0]
program_hw_devices [lindex [get_hw_devices xc7a35t_0] 0]
refresh_hw_device [lindex [get_hw_devices xc7a35t_0] 0]
reset_run synth_1
launch_runs synth_1
wait_on_run synth_1
launch_runs impl_1
wait_on_run impl_1
launch_runs impl_1 -to_step write_bitstream
wait_on_run impl_1
set_property PROBES.FILE {} [lindex [get_hw_devices xc7a35t_0] 0]
set_property PROGRAM.FILE {C:/Users/DELL/Desktop/ECOP-16337281-03-Basys/mips_cpu_32_mul.runs/impl_1/Basys3.bit} [lindex [get_hw_devices xc7a35t_0] 0]
program_hw_devices [lindex [get_hw_devices xc7a35t_0] 0]
refresh_hw_device [lindex [get_hw_devices xc7a35t_0] 0]
